
> waveguid-invoices@0.1.0 dev
> next dev --hostname 0.0.0.0 --port 3000

   ▲ Next.js 15.5.22
   - Local:        http://localhost:3000
   - Network:      http://0.0.0.0:3000
   - Environments: .env

 ✓ Starting...
 ✓ Ready in 13.3s
 ○ Compiling /login ...
 ✓ Compiled /login in 3.1s (696 modules)
 GET /login 200 in 3983ms
 ○ Compiling /middleware ...
 ✓ Compiled /middleware in 586ms (183 modules)
 ○ Compiling / ...
 ✓ Compiled / in 584ms (856 modules)
 GET / 307 in 1098ms
 ✓ Compiled /dashboard in 486ms (874 modules)
 GET /dashboard 200 in 1104ms
 GET /dashboard 200 in 199ms
 GET /dashboard 200 in 196ms
 GET /dashboard 200 in 290ms
